// Jest Snapshot v1, https://goo.gl/fbAQLP

exports[`lowercase dot access are user components 1`] = `
<div>
  "bar"
</div>
`;
