// Jest Snapshot v1, https://goo.gl/fbAQLP

exports[`Fails 1`] = `
<div
  className="foo"
>
  foo
</div>
`;
